// Jest Snapshot v1, https://goo.gl/fbAQLP

exports[`Adder app should have one button element 1`] = `ShallowWrapper {}`;
